files/50.csv
id,week,center_id,meal_id,checkout_price,base_price,emailer_for_promotion,homepage_featured,num_orders
1183197,1,50,1216,388.03,388.03,0,0,108
1217689,2,50,1216,389.03,388.03,0,0,95
1150860,3,50,1216,387.03,388.03,0,0,136
1301037,4,50,1216,417.13,418.13,0,0,42
1448974,5,50,1216,417.13,416.13,0,0,53
1162088,6,50,1216,418.13,416.13,0,0,40
1112751,7,50,1216,398.73,418.13,0,1,109
1269766,8,50,1216,339.5,418.13,1,1,108
1422612,9,50,1216,347.29,417.13,0,1,134
1426129,10,50,1216,341.5,418.13,0,0,107
1080516,11,50,1216,340.5,418.13,0,0,68
1067042,13,50,1216,418.13,418.13,0,0,68
1206582,14,50,1216,417.13,416.13,0,0,136
1497975,15,50,1216,417.13,416.13,0,0,82
1480219,16,50,1216,418.13,418.13,0,0,41
1362014,17,50,1216,417.13,418.13,0,0,42
1191449,18,50,1216,417.13,418.13,0,0,53
1139217,19,50,1216,418.13,418.13,0,0,41
1284752,20,50,1216,418.13,418.13,0,0,41
1438059,21,50,1216,382.21,381.21,0,0,69
1307246,22,50,1216,329.83,382.21,1,0,81
1271807,23,50,1216,328.83,382.21,1,0,69
1343382,24,50,1216,328.83,383.21,1,0,107
1073368,25,50,1216,418.13,417.13,0,0,54
1317939,26,50,1216,418.13,417.13,0,0,54
1081646,27,50,1216,417.13,417.13,0,0,26
1203516,28,50,1216,418.13,418.13,0,0,55
1082311,29,50,1216,418.13,416.13,0,0,54
1079122,30,50,1216,418.13,417.13,0,0,42
1070950,31,50,1216,418.13,418.13,0,0,68
1334385,32,50,1216,416.13,418.13,0,0,108
1383894,33,50,1216,416.13,417.13,0,0,53
1440911,34,50,1216,416.13,418.13,0,0,26
1446733,35,50,1216,337.59,417.13,1,0,13
1214295,36,50,1216,350.17,418.13,1,0,81
1153263,37,50,1216,337.59,417.13,0,0,42
1412442,38,50,1216,337.59,417.13,0,0,68
1323832,39,50,1216,416.13,418.13,0,0,40
1032138,40,50,1216,417.13,418.13,0,0,26
1252467,41,50,1216,417.13,418.13,0,0,69
1485367,42,50,1216,418.13,416.13,0,0,15
1321590,43,50,1216,416.13,416.13,0,0,15
1072132,44,50,1216,416.13,418.13,0,0,13
1381314,46,50,1216,418.13,416.13,0,0,54
1307797,47,50,1216,417.13,416.13,0,0,55
1055068,48,50,1216,417.13,418.13,0,0,26
1326648,49,50,1216,417.13,416.13,0,0,28
1026293,50,50,1216,416.13,417.13,0,0,27
1038812,51,50,1216,418.13,418.13,0,0,55
1060107,52,50,1216,418.13,418.13,0,0,94
1327788,55,50,1216,435.53,436.53,0,0,54
1125317,56,50,1216,435.53,435.53,0,0,41
1261663,58,50,1216,435.53,435.53,0,0,53
1366404,59,50,1216,436.53,437.53,0,0,40
1141669,61,50,1216,437.53,436.53,0,0,26
1221029,62,50,1216,436.53,436.53,0,0,15
1139699,63,50,1216,435.53,437.53,0,0,13
1222670,64,50,1216,435.53,437.53,0,0,67
1105601,65,50,1216,437.53,436.53,0,0,68
1105187,66,50,1216,436.53,437.53,0,0,26
1472558,67,50,1216,435.53,437.53,0,0,55
1386186,68,50,1216,436.53,437.53,0,0,14
1006687,69,50,1216,435.53,435.53,0,0,81
1089690,70,50,1216,437.53,436.53,0,0,42
1444559,71,50,1216,435.53,436.53,0,0,54
1003651,72,50,1216,437.53,435.53,0,0,15
1335616,73,50,1216,389.03,435.53,1,0,95
1321639,74,50,1216,388.03,435.53,1,0,26
1474844,75,50,1216,388.03,436.53,0,0,41
1256696,76,50,1216,389.03,437.53,0,0,55
1428787,77,50,1216,428.77,429.77,0,0,82
1107069,78,50,1216,435.53,437.53,0,0,42
1118907,79,50,1216,436.53,436.53,0,0,13
1315097,80,50,1216,437.53,436.53,0,0,28
1262246,81,50,1216,436.53,435.53,0,0,95
1200349,82,50,1216,437.53,435.53,0,0,26
1071833,83,50,1216,435.53,435.53,0,0,42
1278172,84,50,1216,435.53,436.53,0,0,28
1180454,85,50,1216,436.53,435.53,0,0,27
1422834,86,50,1216,435.53,435.53,0,0,54
1021230,87,50,1216,436.53,435.53,0,0,80
1200685,88,50,1216,436.53,436.53,0,0,27
1179663,89,50,1216,437.53,435.53,0,0,28
1216691,90,50,1216,339.5,436.53,1,0,134
1062176,91,50,1216,340.5,437.53,0,0,26
1458422,92,50,1216,340.5,435.53,0,0,94
1188425,93,50,1216,340.5,437.53,0,0,81
1034635,94,50,1216,340.5,435.53,0,0,81
1064143,95,50,1216,435.53,436.53,0,0,82
1224221,96,50,1216,435.53,435.53,0,0,54
1158104,98,50,1216,291.03,436.53,1,0,68
1008581,99,50,1216,314.28,435.53,1,0,69
1089369,100,50,1216,291.03,435.53,0,0,163
1487494,101,50,1216,291.03,436.53,0,0,41
1017903,102,50,1216,435.53,435.53,0,0,40
1130957,104,50,1216,436.53,436.53,0,0,14
1142634,105,50,1216,435.53,435.53,0,0,13
1336511,107,50,1216,437.53,437.53,0,0,13
1413400,108,50,1216,340.5,436.53,0,0,14
1456207,109,50,1216,341.5,437.53,0,0,53
1048611,110,50,1216,339.5,435.53,0,0,80
1109862,111,50,1216,373.51,437.53,0,0,41
1264051,112,50,1216,436.53,437.53,0,0,42
1380285,113,50,1216,437.53,435.53,0,0,27
1364537,114,50,1216,413.25,414.25,0,0,26
1352211,115,50,1216,412.25,414.25,0,0,27
1410411,116,50,1216,413.25,412.25,0,0,27
1437491,117,50,1216,414.25,413.25,0,0,26
1084015,118,50,1216,414.25,412.25,0,0,26
1434365,119,50,1216,413.25,412.25,0,0,107
1169942,120,50,1216,413.25,413.25,0,0,40
1087095,121,50,1216,413.25,412.25,0,0,69
1310511,122,50,1216,413.25,414.25,0,0,67
1482634,123,50,1216,413.25,414.25,0,0,67
1152109,124,50,1216,414.25,413.25,0,0,13
1361591,125,50,1216,339.53,414.25,0,0,41
1013059,126,50,1216,340.53,414.25,0,0,107
1183531,127,50,1216,339.53,412.25,0,0,26
1381022,128,50,1216,338.53,413.25,0,0,26
1354887,129,50,1216,413.25,412.25,0,0,42
1137369,130,50,1216,412.25,413.25,0,0,28
1225301,131,50,1216,413.25,413.25,0,0,40
1138754,132,50,1216,413.25,413.25,0,0,54
1086965,133,50,1216,413.25,412.25,0,0,53
1131314,134,50,1216,413.25,414.25,0,0,54
1202580,135,50,1216,412.25,412.25,0,0,69
1085870,136,50,1216,414.25,413.25,0,0,28
1082204,137,50,1216,412.25,414.25,0,0,40
1243844,138,50,1216,413.25,414.25,0,0,95
1240175,139,50,1216,242.53,412.25,0,0,26
1124063,140,50,1216,235.71,413.25,0,0,123
1317671,141,50,1216,413.25,414.25,0,0,41
1017775,142,50,1216,414.25,412.25,0,0,14
1368050,143,50,1216,292.03,413.25,1,0,53
1016517,144,50,1216,292.03,412.25,0,0,55
1010454,145,50,1216,412.25,414.25,0,0,69
1050500,1,50,2126,445.26,445.26,0,0,82
1385797,2,50,2126,436.5,438.5,0,0,14
1202859,3,50,2126,437.5,436.5,0,0,28
1342175,4,50,2126,454.02,452.02,0,0,41
1092842,5,50,2126,437.5,438.5,0,0,15
1186489,6,50,2126,436.5,437.5,0,0,13
1281279,7,50,2126,436.5,436.5,0,0,109
1230625,8,50,2126,484.03,484.03,0,0,55
1436483,9,50,2126,484.03,485.03,0,0,40
1228408,10,50,2126,486.03,485.03,0,0,14
1099530,11,50,2126,486.03,486.03,0,0,41
1206832,12,50,2126,486.03,486.03,1,0,68
1145259,13,50,2126,484.03,485.03,0,1,162
1479797,14,50,2126,486.03,485.03,0,0,55
1326113,15,50,2126,486.03,485.03,0,0,15
1249363,16,50,2126,486.03,484.03,0,0,67
1194436,17,50,2126,486.03,486.03,0,0,68
1306438,18,50,2126,485.03,486.03,1,0,94
1161915,19,50,2126,484.03,484.03,0,0,14
1265080,20,50,2126,484.03,485.03,0,0,13
1409127,21,50,2126,484.03,485.03,0,0,40
1412689,22,50,2126,486.03,486.03,0,0,42
1466949,23,50,2126,537.44,535.44,0,0,109
1016022,24,50,2126,553.93,552.93,0,0,41
1019243,25,50,2126,486.03,553.93,0,1,26
1005942,26,50,2126,436.53,552.93,1,1,41
1331104,27,50,2126,486.03,552.93,0,1,81
1264309,28,50,2126,484.03,552.93,0,0,42
1342367,29,50,2126,534.53,533.53,0,0,27
1151559,30,50,2126,534.53,533.53,0,0,26
1240128,31,50,2126,533.53,534.53,0,0,55
1202992,32,50,2126,509.28,510.28,0,0,107
1292775,33,50,2126,435.59,508.28,1,1,54
1097357,34,50,2126,552.93,508.28,0,1,94
1430486,35,50,2126,551.93,552.93,0,0,26
1407539,36,50,2126,552.93,551.93,0,0,15
1497197,37,50,2126,551.93,551.93,0,0,15
1471291,40,50,2126,485.03,552.93,0,0,68
1125224,41,50,2126,485.03,553.93,0,0,81
1189580,42,50,2126,486.03,551.93,0,0,69
1355911,43,50,2126,492.76,552.93,0,0,54
1480317,44,50,2126,433.59,553.93,1,0,55
1129415,45,50,2126,433.59,552.93,0,0,26
1245188,46,50,2126,435.59,551.93,0,0,40
1497202,47,50,2126,434.59,435.59,0,0,27
1424815,48,50,2126,551.93,552.93,0,0,53
1086785,52,50,2126,437.5,553.93,1,0,26
1001479,53,50,2126,437.5,553.93,0,0,26
1313052,55,50,2126,436.5,552.93,0,0,14
1187023,56,50,2126,553.93,551.93,0,0,26
1470777,57,50,2126,551.93,551.93,0,0,69
1245472,58,50,2126,552.93,552.93,0,0,13
1012350,59,50,2126,552.93,552.93,0,0,28
1177515,60,50,2126,553.93,551.93,0,0,53
1151653,61,50,2126,452.02,551.93,1,0,94
1482448,62,50,2126,435.53,551.93,1,0,55
1422846,63,50,2126,435.53,552.93,0,0,96
1206494,64,50,2126,436.53,551.93,0,0,14
1409911,68,50,2126,436.53,553.93,0,0,15
1203072,69,50,2126,436.53,552.93,0,0,13
1215989,70,50,2126,460.78,553.93,1,0,55
1046047,71,50,2126,485.03,551.93,1,0,68
1381737,72,50,2126,485.03,552.93,0,0,82
1451293,73,50,2126,485.03,552.93,0,0,42
1316306,74,50,2126,514.13,513.13,0,0,13
1135447,75,50,2126,514.13,514.13,0,0,15
1373723,76,50,2126,513.13,513.13,0,0,27
1188461,78,50,2126,515.13,515.13,0,0,55
1066047,79,50,2126,513.13,513.13,0,0,69
1350521,80,50,2126,515.13,513.13,0,0,81
1447991,81,50,2126,514.13,515.13,0,0,41
1031951,82,50,2126,515.13,515.13,0,0,68
1413835,83,50,2126,515.13,513.13,0,0,69
1447920,84,50,2126,513.13,513.13,0,0,96
1295573,85,50,2126,513.13,514.13,0,0,40
1151477,86,50,2126,436.53,514.13,0,0,108
1121101,87,50,2126,425.83,514.13,0,0,41
1147895,88,50,2126,426.83,515.13,1,0,163
1306446,89,50,2126,426.83,513.13,1,0,53
1007260,90,50,2126,425.83,513.13,0,0,108
1222828,91,50,2126,427.83,514.13,0,0,55
1457294,92,50,2126,427.83,513.13,0,0,107
1149485,93,50,2126,427.83,515.13,0,0,55
1354978,94,50,2126,427.83,427.83,0,0,55
1196454,95,50,2126,426.83,426.83,0,0,94
1126638,96,50,2126,426.83,425.83,0,0,53
1038323,97,50,2126,425.83,425.83,0,0,40
1369224,98,50,2126,477.3,476.3,0,0,81
1382303,99,50,2126,532.56,533.56,0,0,42
1426024,100,50,2126,531.56,533.56,0,0,55
1358976,102,50,2126,533.56,533.56,0,0,28
1063297,103,50,2126,447.2,533.56,0,0,14
1383184,104,50,2126,445.26,532.56,0,1,67
1187941,105,50,2126,455.93,532.56,0,1,69
1347700,106,50,2126,501.55,501.55,0,0,40
1423425,107,50,2126,533.56,533.56,0,0,15
1221556,109,50,2126,533.56,533.56,0,0,81
1496141,110,50,2126,531.56,532.56,0,0,67
1310168,111,50,2126,532.56,531.56,0,0,27
1385033,112,50,2126,533.56,532.56,0,0,69
1289136,113,50,2126,435.53,532.56,0,1,67
1019557,114,50,2126,437.53,533.56,0,1,67
1290379,116,50,2126,531.56,533.56,0,0,109
1457425,118,50,2126,533.56,531.56,0,0,28
1167626,120,50,2126,533.56,531.56,0,0,14
1060800,121,50,2126,532.56,531.56,0,0,26
1354158,122,50,2126,428.74,532.56,0,0,80
1372159,123,50,2126,427.8,532.56,0,0,82
1278112,124,50,2126,428.8,533.56,0,0,82
1042033,125,50,2126,426.8,531.56,0,0,42
1467712,126,50,2126,427.8,532.56,0,0,53
1326509,127,50,2126,426.8,531.56,0,0,69
1373090,128,50,2126,426.8,426.8,0,0,42
1126835,129,50,2126,426.8,427.8,0,0,54
1007526,130,50,2126,427.8,428.8,0,0,14
1399064,131,50,2126,426.8,428.8,0,0,26
1081863,132,50,2126,427.8,426.8,0,0,53
1405369,133,50,2126,427.8,426.8,0,0,53
1019210,134,50,2126,431.65,431.65,0,0,67
1282590,135,50,2126,451.05,452.05,0,0,41
1077935,136,50,2126,484.06,484.06,0,0,81
1112617,137,50,2126,484.06,485.06,0,0,28
1430752,138,50,2126,485.06,485.06,0,0,27
1156856,139,50,2126,418.13,483.06,0,0,28
1133695,140,50,2126,416.13,485.06,0,0,28
1230109,141,50,2126,507.31,507.31,0,0,14
1006336,142,50,2126,508.31,508.31,0,0,96
1206155,143,50,2126,508.31,509.31,0,0,15
1114019,144,50,2126,509.31,507.31,0,0,14
1028454,145,50,2126,436.53,508.31,0,1,80
1443074,1,50,2826,328.86,327.86,0,0,339
1495191,2,50,2826,329.86,328.86,0,0,285
1157327,3,50,2826,329.86,327.86,0,0,420
1249826,4,50,2826,327.86,328.86,0,0,431
1495720,5,50,2826,328.86,328.86,0,0,339
1352649,6,50,2826,329.86,329.86,0,0,337
1344514,7,50,2826,329.86,328.86,0,0,420
1208707,8,50,2826,328.86,329.86,0,0,352
1400734,9,50,2826,328.86,328.86,0,0,312
1379652,10,50,2826,244.44,329.86,1,0,809
1107191,11,50,2826,246.44,328.86,1,0,729
1096573,12,50,2826,241.53,329.86,0,0,608
1477527,13,50,2826,329.86,328.86,0,0,459
1467868,14,50,2826,327.86,328.86,0,0,230
1051662,15,50,2826,328.86,329.86,0,0,420
1435702,16,50,2826,328.86,329.86,0,0,445
1401757,17,50,2826,328.86,327.86,0,0,499
1141643,18,50,2826,196,329.86,1,1,2066
1405481,19,50,2826,329.86,327.86,0,0,310
1395734,20,50,2826,328.86,329.86,0,0,512
1148774,21,50,2826,329.86,329.86,0,0,325
1113584,22,50,2826,329.86,328.86,0,0,393
1498399,23,50,2826,329.86,327.86,0,0,365
1485204,24,50,2826,329.86,329.86,0,0,258
1135013,25,50,2826,329.86,327.86,0,0,324
1275392,26,50,2826,328.86,327.86,0,0,514
1190365,27,50,2826,320.1,320.1,0,0,458
1229801,28,50,2826,260.93,322.1,1,0,1067
1459325,29,50,2826,262.93,320.1,1,0,513
1340572,30,50,2826,329.86,327.86,0,0,323
1069296,31,50,2826,329.86,327.86,0,0,431
1301414,32,50,2826,327.86,328.86,0,0,609
1035562,33,50,2826,329.86,327.86,0,0,474
1089023,34,50,2826,328.86,327.86,0,0,351
1403590,35,50,2826,328.86,328.86,0,0,161
1498598,36,50,2826,329.86,327.86,0,0,270
1302158,37,50,2826,328.86,327.86,0,0,404
1110427,38,50,2826,328.86,327.86,0,0,433
1004190,39,50,2826,329.86,327.86,0,0,366
1033077,40,50,2826,327.86,329.86,0,0,513
1482801,41,50,2826,328.86,327.86,0,0,540
1305378,42,50,2826,329.86,328.86,0,0,446
1098629,43,50,2826,329.86,328.86,0,0,433
1455602,44,50,2826,327.86,328.86,0,0,323
1087409,45,50,2826,328.86,327.86,0,0,460
1299723,46,50,2826,244.44,328.86,1,0,459
1233033,47,50,2826,249.32,328.86,1,0,609
1113305,48,50,2826,328.86,328.86,0,0,445
1232542,49,50,2826,328.86,328.86,0,0,285
1442501,50,50,2826,327.86,328.86,0,0,339
1130747,51,50,2826,302.67,303.67,0,0,474
1283039,52,50,2826,329.86,327.86,0,0,270
1346794,53,50,2826,329.86,327.86,0,0,337
1020043,54,50,2826,329.86,327.86,0,0,135
1367654,55,50,2826,328.86,329.86,0,0,393
1158454,56,50,2826,328.86,327.86,0,0,271
1440366,57,50,2826,328.86,328.86,0,0,298
1435933,58,50,2826,327.86,329.86,0,0,312
1402544,59,50,2826,327.86,327.86,0,0,406
1288707,60,50,2826,245.44,329.86,1,0,554
1032002,61,50,2826,329.86,327.86,0,0,244
1031905,62,50,2826,327.86,327.86,0,0,189
1100614,63,50,2826,269.69,328.86,1,0,420
1422258,64,50,2826,268.69,329.86,1,0,728
1287543,65,50,2826,328.86,328.86,0,0,419
1019036,66,50,2826,329.86,327.86,0,0,378
1408464,67,50,2826,327.86,328.86,0,0,527
1338914,68,50,2826,328.86,328.86,0,0,405
1233949,69,50,2826,243.5,328.86,0,0,500
1138343,70,50,2826,328.86,328.86,0,0,391
1446099,71,50,2826,337.59,337.59,0,0,419
1388682,72,50,2826,327.86,328.86,0,0,378
1253297,73,50,2826,328.86,327.86,0,0,296
1391642,74,50,2826,327.86,329.86,1,0,405
1401849,75,50,2826,242.5,328.86,1,0,377
1084547,76,50,2826,246.38,328.86,0,0,296
1367905,77,50,2826,329.86,329.86,0,0,216
1406066,78,50,2826,309.43,311.43,0,0,364
1228632,79,50,2826,197.91,311.43,1,0,824
1341677,80,50,2826,310.43,310.43,0,0,474
1133612,81,50,2826,311.43,309.43,0,0,366
1031708,82,50,2826,311.43,311.43,0,0,420
1387648,83,50,2826,309.43,311.43,0,0,540
1482141,84,50,2826,311.43,309.43,0,0,338
1039420,85,50,2826,309.43,311.43,0,0,406
1482458,86,50,2826,309.43,311.43,0,0,486
1059090,87,50,2826,309.43,310.43,0,0,352
1289923,88,50,2826,310.43,309.43,0,0,150
1278975,89,50,2826,311.43,311.43,0,0,339
1246355,90,50,2826,309.43,309.43,0,0,163
1083408,91,50,2826,311.43,309.43,0,0,458
1257272,92,50,2826,310.43,311.43,0,0,121
1282778,93,50,2826,275.51,309.43,0,0,338
1086758,94,50,2826,243.5,309.43,0,0,460
1446647,95,50,2826,242.5,309.43,0,0,377
1477756,96,50,2826,243.5,309.43,0,0,473
1437960,97,50,2826,242.5,309.43,0,0,377
1095147,98,50,2826,239.59,309.43,0,0,432
1364134,99,50,2826,264.81,266.81,0,0,366
1386361,100,50,2826,309.43,311.43,0,0,204
1004194,101,50,2826,311.43,310.43,0,0,134
1390195,102,50,2826,311.43,309.43,0,0,324
1099405,103,50,2826,310.43,309.43,0,0,337
1238662,104,50,2826,310.43,311.43,0,0,270
1088443,105,50,2826,311.43,310.43,0,0,203
1450909,106,50,2826,310.43,310.43,0,0,284
1021908,107,50,2826,311.43,309.43,0,0,271
1438172,108,50,2826,310.43,311.43,0,0,258
1300539,109,50,2826,310.43,310.43,0,0,231
1213296,110,50,2826,244.5,310.43,1,1,566
1268223,111,50,2826,242.5,309.43,0,1,608
1314102,112,50,2826,243.5,310.43,0,1,527
1303313,113,50,2826,309.49,309.49,0,0,379
1048630,114,50,2826,311.43,310.43,0,0,284
1079685,115,50,2826,309.43,309.43,0,0,351
1359348,116,50,2826,310.43,310.43,0,0,312
1426264,117,50,2826,324.04,322.04,0,0,379
1493093,118,50,2826,326.92,326.92,0,0,405
1091410,119,50,2826,327.92,326.92,0,0,392
1192998,120,50,2826,325.92,327.92,0,0,391
1376892,121,50,2826,325.92,326.92,0,0,472
1492198,122,50,2826,327.92,327.92,0,0,339
1396148,123,50,2826,327.92,325.92,0,0,446
1221583,124,50,2826,326.92,327.92,0,0,419
1434198,125,50,2826,327.92,327.92,0,0,242
1207879,126,50,2826,325.92,325.92,0,0,296
1433546,127,50,2826,325.92,325.92,0,0,364
1035516,128,50,2826,253.17,325.92,1,1,1403
1189158,129,50,2826,258.02,327.92,1,1,1203
1209083,130,50,2826,324.95,326.95,0,0,539
1272470,131,50,2826,327.92,325.92,0,0,189
1245149,132,50,2826,321.1,320.1,0,0,311
1394348,133,50,2826,326.92,326.92,0,0,189
1146556,134,50,2826,326.92,326.92,0,0,324
1424336,135,50,2826,326.92,326.92,0,0,405
1482603,136,50,2826,325.92,327.92,0,0,676
1367399,137,50,2826,325.92,327.92,0,0,325
1138218,138,50,2826,327.92,325.92,0,0,339
1319700,139,50,2826,325.01,323.01,0,0,297
1118676,140,50,2826,327.92,327.92,0,0,379
1237783,141,50,2826,326.92,326.92,0,0,447
1458621,142,50,2826,327.92,327.92,0,0,271
1039782,143,50,2826,326.92,326.92,0,0,339
1467240,144,50,2826,326.92,326.92,0,0,229
1234905,145,50,2826,327.92,326.92,0,0,230
