files/50.csv
id,week,center_id,meal_id,checkout_price,base_price,emailer_for_promotion,homepage_featured,num_orders
1325384,1,50,2444,659.63,660.63,0,1,54
1193732,2,50,2444,660.63,658.63,0,0,68
1441280,3,50,2444,660.63,660.63,0,0,27
1390678,4,50,2444,660.63,660.63,0,0,69
1075694,5,50,2444,486.03,660.63,1,1,231
1096763,6,50,2444,485.03,658.63,0,0,202
1485396,7,50,2444,660.63,660.63,0,0,67
1081618,8,50,2444,660.63,658.63,0,0,28
1496407,9,50,2444,435.53,660.63,1,1,594
1487837,10,50,2444,437.53,659.63,1,1,716
1267589,11,50,2444,436.53,659.63,1,1,486
1418227,13,50,2444,660.63,659.63,0,0,13
1007634,14,50,2444,660.63,659.63,0,0,67
1293115,15,50,2444,658.63,658.63,0,0,122
1283889,16,50,2444,659.63,660.63,0,0,80
1315661,17,50,2444,660.63,659.63,0,0,67
1345470,18,50,2444,665.48,665.48,0,0,135
1422413,19,50,2444,658.63,659.63,0,0,42
1175719,20,50,2444,658.63,658.63,0,0,42
1399570,21,50,2444,659.63,658.63,0,0,42
1261472,22,50,2444,660.63,659.63,0,0,55
1440244,23,50,2444,659.63,659.63,0,0,68
1002178,24,50,2444,604.31,606.31,0,0,109
1030775,25,50,2444,555.84,556.84,0,0,94
1223506,26,50,2444,532.53,533.53,0,0,40
1468353,27,50,2444,534.53,532.53,0,0,109
1070201,28,50,2444,660.63,660.63,0,0,68
1023147,29,50,2444,658.63,659.63,0,0,94
1023124,30,50,2444,658.63,660.63,0,0,42
1036739,31,50,2444,659.63,658.63,0,0,69
1341946,32,50,2444,658.63,659.63,0,0,15
1375336,33,50,2444,486.03,659.63,1,1,351
1319767,34,50,2444,485.03,660.63,0,1,189
1343506,35,50,2444,631.53,658.63,0,1,55
1386110,36,50,2444,630.53,660.63,0,1,94
1462856,37,50,2444,630.53,629.53,0,0,13
1490694,38,50,2444,629.53,630.53,0,0,94
1224386,39,50,2444,631.53,630.53,0,0,96
1301813,40,50,2444,484.03,631.53,1,1,269
1351156,41,50,2444,484.03,631.53,0,1,432
1191455,42,50,2444,630.53,631.53,0,0,121
1417121,43,50,2444,629.53,629.53,0,0,108
1153381,44,50,2444,631.53,629.53,0,0,80
1086736,45,50,2444,630.53,631.53,0,0,13
1437019,46,50,2444,630.53,630.53,0,0,68
1037603,47,50,2444,630.53,629.53,0,0,13
1417252,48,50,2444,630.53,631.53,0,0,81
1449914,49,50,2444,629.53,630.53,0,0,82
1007856,50,50,2444,631.53,631.53,0,0,94
1277167,51,50,2444,630.53,629.53,0,0,81
1337492,52,50,2444,389.03,630.53,1,1,432
1237450,53,50,2444,399.67,629.53,1,1,351
1497386,54,50,2444,629.53,630.53,0,0,13
1405197,55,50,2444,630.53,631.53,0,0,28
1433990,56,50,2444,631.53,631.53,0,0,27
1305810,57,50,2444,631.53,631.53,0,0,41
1215846,58,50,2444,629.53,629.53,0,0,134
1426462,59,50,2444,631.53,631.53,0,0,14
1479003,60,50,2444,486.03,631.53,1,0,163
1278722,61,50,2444,630.53,629.53,0,0,40
1464360,63,50,2444,631.53,631.53,0,0,81
1447713,64,50,2444,629.53,629.53,0,0,42
1120781,65,50,2444,498.58,631.53,1,1,188
1470039,66,50,2444,630.53,631.53,0,0,82
1088021,67,50,2444,631.53,630.53,0,0,108
1399235,68,50,2444,657.72,656.72,0,0,41
1432830,69,50,2444,484.03,657.72,1,1,312
1496624,70,50,2444,484.03,656.72,1,1,163
1025804,71,50,2444,629.53,631.53,0,0,41
1396299,72,50,2444,631.53,629.53,0,0,27
1166278,73,50,2444,629.53,630.53,0,0,15
1289670,74,50,2444,629.53,631.53,0,0,82
1097403,75,50,2444,630.53,631.53,0,0,53
1061488,77,50,2444,514.13,630.53,0,0,68
1052201,78,50,2444,515.13,630.53,0,0,53
1316780,79,50,2444,515.13,629.53,0,0,94
1116407,80,50,2444,513.13,629.53,0,0,82
1433466,81,50,2444,619.83,620.83,0,0,53
1417175,82,50,2444,631.53,629.53,0,0,53
1183732,83,50,2444,630.53,631.53,0,0,94
1024881,84,50,2444,631.53,630.53,0,0,13
1483812,86,50,2444,709.13,707.13,0,0,13
1388792,87,50,2444,708.13,708.13,0,0,81
1108150,88,50,2444,709.13,709.13,0,0,27
1466414,89,50,2444,707.13,707.13,0,0,13
1202160,90,50,2444,436.53,709.13,1,0,243
1332656,91,50,2444,436.53,709.13,1,1,283
1499487,92,50,2444,707.13,709.13,0,0,26
1063669,93,50,2444,707.13,707.13,0,0,40
1491186,94,50,2444,435.53,709.13,1,0,188
1170941,95,50,2444,435.53,707.13,1,1,244
1283813,96,50,2444,708.13,709.13,0,0,55
1376698,97,50,2444,709.13,708.13,0,0,14
1475535,99,50,2444,707.13,707.13,0,0,13
1248237,100,50,2444,435.53,709.13,1,1,350
1046598,101,50,2444,435.53,709.13,0,1,393
1248651,102,50,2444,708.13,709.13,0,0,14
1211104,103,50,2444,707.13,707.13,0,0,27
1322277,104,50,2444,709.13,709.13,0,0,69
1040758,105,50,2444,708.13,709.13,0,0,55
1203235,106,50,2444,484.03,707.13,1,0,149
1292309,107,50,2444,484.03,708.13,1,0,67
1485287,108,50,2444,707.13,707.13,0,0,80
1491828,109,50,2444,707.13,707.13,0,0,136
1162744,110,50,2444,389.03,709.13,1,0,189
1499974,111,50,2444,708.13,708.13,0,0,67
1330869,112,50,2444,709.13,709.13,0,0,53
1165085,113,50,2444,708.13,707.13,0,0,27
1378396,114,50,2444,708.13,707.13,0,0,53
1318293,115,50,2444,709.13,707.13,0,0,42
1346582,116,50,2444,708.13,708.13,0,0,40
1102637,117,50,2444,726.53,726.53,0,0,27
1102603,119,50,2444,728.53,728.53,0,0,14
1145344,121,50,2444,727.53,728.53,0,0,14
1057358,122,50,2444,463.66,728.53,1,0,229
1200435,123,50,2444,463.72,726.53,1,0,296
1305998,124,50,2444,726.53,726.53,0,0,68
1301294,125,50,2444,727.53,726.53,0,0,55
1256422,126,50,2444,727.53,726.53,0,0,15
1434801,127,50,2444,728.53,726.53,0,0,15
1088189,128,50,2444,750.81,750.81,0,0,67
1088801,129,50,2444,766.33,765.33,0,0,54
1314681,130,50,2444,767.33,765.33,0,0,68
1443768,131,50,2444,767.33,767.33,0,0,14
1416636,132,50,2444,766.33,767.33,0,0,26
1301770,133,50,2444,486.03,765.33,1,0,271
1319875,134,50,2444,484.03,766.33,1,0,67
1140177,135,50,2444,765.33,767.33,0,0,26
1456822,136,50,2444,766.33,765.33,0,0,40
1240392,137,50,2444,765.33,766.33,0,0,122
1206670,138,50,2444,727.53,726.53,0,0,13
1009738,139,50,2444,728.53,726.53,0,0,67
1478478,140,50,2444,728.53,728.53,0,0,53
1295380,141,50,2444,727.53,728.53,0,0,26
1353186,142,50,2444,726.53,726.53,0,0,26
1352051,143,50,2444,581.03,727.53,0,1,189
1153318,144,50,2444,582.03,726.53,1,1,81
1358470,145,50,2444,727.53,728.53,0,0,55
1351170,1,50,2867,660.63,660.63,0,1,82
1350977,2,50,2867,659.63,658.63,0,0,42
1330698,3,50,2867,659.63,659.63,0,0,55
1330390,4,50,2867,660.63,659.63,0,0,53
1138188,5,50,2867,484.03,658.63,1,0,271
1301989,6,50,2867,484.03,660.63,0,0,177
1257365,7,50,2867,660.63,660.63,0,0,121
1305825,8,50,2867,660.63,658.63,0,0,41
1282603,9,50,2867,435.53,659.63,1,1,271
1282085,10,50,2867,436.53,658.63,1,1,663
1179338,11,50,2867,437.53,659.63,1,1,458
1132982,12,50,2867,659.63,659.63,0,0,40
1105856,13,50,2867,658.63,659.63,0,0,68
1414324,14,50,2867,660.63,660.63,0,0,55
1143441,15,50,2867,658.63,658.63,0,0,55
1137765,17,50,2867,660.63,660.63,0,0,67
1375712,18,50,2867,658.63,658.63,0,0,15
1305483,19,50,2867,660.63,659.63,0,0,68
1163554,20,50,2867,659.63,659.63,0,0,53
1199000,21,50,2867,659.63,660.63,0,0,53
1461347,22,50,2867,659.63,658.63,0,0,107
1235572,23,50,2867,660.63,659.63,0,0,41
1159157,24,50,2867,588.85,658.63,0,0,95
1284542,25,50,2867,534.53,659.63,0,0,176
1250810,26,50,2867,534.53,659.63,0,0,68
1300199,27,50,2867,533.53,660.63,0,0,55
1186674,28,50,2867,658.63,659.63,0,0,40
1288432,29,50,2867,660.63,659.63,0,0,26
1149300,30,50,2867,660.63,659.63,0,0,28
1246591,31,50,2867,658.63,659.63,0,0,53
1294307,32,50,2867,708.13,707.13,0,0,42
1124385,33,50,2867,484.03,707.13,1,1,285
1267837,34,50,2867,486.03,708.13,0,1,163
1224472,35,50,2867,629.53,709.13,0,1,94
1300125,36,50,2867,629.53,709.13,0,1,176
1402518,37,50,2867,631.53,709.13,0,0,41
1406747,38,50,2867,629.53,709.13,0,0,54
1458748,39,50,2867,631.53,708.13,0,0,136
1186582,40,50,2867,485.03,709.13,1,1,217
1337127,41,50,2867,484.03,707.13,0,1,324
1216331,42,50,2867,630.53,708.13,0,0,69
1424072,43,50,2867,630.53,708.13,0,0,82
1214223,44,50,2867,630.53,707.13,0,0,81
1196596,45,50,2867,629.53,629.53,0,0,28
1273802,46,50,2867,629.53,630.53,0,0,69
1442991,47,50,2867,631.53,631.53,0,0,13
1387104,48,50,2867,630.53,630.53,0,0,54
1440367,49,50,2867,630.53,631.53,0,0,53
1335798,50,50,2867,631.53,631.53,0,0,69
1408029,51,50,2867,630.53,629.53,0,0,108
1404985,52,50,2867,389.03,629.53,1,1,541
1174647,53,50,2867,388.03,630.53,1,0,176
1255379,54,50,2867,630.53,630.53,0,0,15
1021303,55,50,2867,629.53,629.53,0,0,54
1208069,56,50,2867,630.53,631.53,0,0,28
1088271,57,50,2867,630.53,630.53,0,0,53
1196505,58,50,2867,631.53,630.53,0,0,82
1325045,59,50,2867,630.53,629.53,0,0,148
1284424,60,50,2867,486.03,629.53,1,0,150
1039081,61,50,2867,630.53,631.53,0,0,177
1012937,63,50,2867,646.05,646.05,0,0,68
1374656,64,50,2867,629.53,630.53,0,0,55
1336060,65,50,2867,485.03,631.53,1,1,176
1126724,66,50,2867,630.53,629.53,0,0,107
1221217,67,50,2867,629.53,629.53,0,0,107
1275354,68,50,2867,631.53,631.53,0,0,81
1043932,69,50,2867,486.03,629.53,1,1,365
1210336,70,50,2867,486.03,629.53,1,1,161
1024464,71,50,2867,630.53,631.53,0,0,54
1318266,72,50,2867,630.53,630.53,0,0,42
1101201,73,50,2867,630.53,631.53,0,0,27
1035294,74,50,2867,657.72,655.72,0,0,40
1212304,75,50,2867,630.53,630.53,0,0,15
1141153,76,50,2867,515.13,630.53,0,0,41
1407271,77,50,2867,513.13,630.53,0,0,27
1380935,78,50,2867,514.13,630.53,0,0,136
1071156,79,50,2867,513.13,630.53,0,0,136
1051356,80,50,2867,515.13,631.53,0,0,134
1330895,81,50,2867,629.53,629.53,0,0,55
1489030,82,50,2867,630.53,630.53,0,0,55
1017046,83,50,2867,631.53,631.53,0,0,27
1131653,84,50,2867,680.94,680.94,0,0,41
1085449,85,50,2867,707.13,707.13,0,0,40
1455495,86,50,2867,709.13,709.13,0,0,40
1022017,87,50,2867,707.13,709.13,0,0,26
1288887,88,50,2867,707.13,707.13,0,0,27
1087867,89,50,2867,708.13,707.13,0,0,68
1449788,90,50,2867,435.53,707.13,1,1,284
1281750,91,50,2867,437.53,708.13,1,1,204
1178807,92,50,2867,708.13,709.13,0,0,55
1137214,93,50,2867,709.13,708.13,0,0,53
1470496,94,50,2867,436.53,708.13,1,0,202
1083314,95,50,2867,437.53,708.13,1,0,230
1245303,96,50,2867,653.81,653.81,0,0,67
1297801,97,50,2867,708.13,709.13,0,0,28
1332952,98,50,2867,708.13,708.13,0,0,28
1435935,99,50,2867,707.13,708.13,0,0,54
1409209,100,50,2867,436.53,707.13,1,1,419
1064837,101,50,2867,437.53,708.13,0,0,310
1220248,103,50,2867,707.13,707.13,0,0,13
1216425,104,50,2867,709.13,708.13,0,0,54
1258055,105,50,2867,709.13,707.13,0,0,54
1218307,106,50,2867,485.03,709.13,1,0,162
1039844,107,50,2867,486.03,707.13,1,0,96
1492167,108,50,2867,709.13,709.13,0,0,54
1004267,109,50,2867,709.13,709.13,0,0,81
1312637,110,50,2867,409.4,708.13,1,0,216
1160740,111,50,2867,707.13,709.13,0,0,68
1479761,112,50,2867,708.13,709.13,0,0,121
1364188,113,50,2867,707.13,708.13,0,0,26
1223976,114,50,2867,707.13,708.13,0,0,68
1287004,115,50,2867,709.13,707.13,0,0,55
1347270,116,50,2867,709.13,709.13,0,0,14
1053038,117,50,2867,728.53,727.53,0,0,28
1021628,118,50,2867,726.53,726.53,0,0,13
1197209,119,50,2867,726.53,726.53,0,0,28
1403819,120,50,2867,726.53,727.53,0,0,68
1054164,122,50,2867,453.05,728.53,1,0,338
1221780,123,50,2867,464.69,727.53,1,0,123
1422959,124,50,2867,728.53,728.53,0,0,67
1176009,125,50,2867,727.53,726.53,0,0,28
1328652,126,50,2867,726.53,726.53,0,0,26
1374852,127,50,2867,728.53,728.53,0,0,53
1306664,129,50,2867,765.33,765.33,0,0,41
1352293,130,50,2867,766.33,766.33,0,0,68
1320672,131,50,2867,766.33,765.33,0,0,40
1306036,132,50,2867,767.33,767.33,0,0,80
1171439,133,50,2867,486.03,767.33,1,0,41
1218683,140,50,2867,726.53,727.53,0,0,13
1030242,141,50,2867,726.53,727.53,0,0,40
1341333,142,50,2867,727.53,726.53,0,0,15
1159415,143,50,2867,581.03,727.53,0,0,107
1184538,144,50,2867,583.03,727.53,1,1,26
1220094,145,50,2867,727.53,726.53,0,0,14
1423588,1,50,2760,231.83,231.83,0,0,217
1488431,2,50,2760,233.83,232.83,0,0,323
1347133,3,50,2760,233.83,233.83,0,0,161
1398752,4,50,2760,233.83,233.83,0,0,216
1370575,5,50,2760,231.83,233.83,0,0,204
1310090,6,50,2760,232.83,232.83,0,0,311
1181121,7,50,2760,231.83,233.83,0,0,121
1441910,8,50,2760,231.83,233.83,0,0,204
1420621,9,50,2760,231.83,232.83,0,0,257
1402661,10,50,2760,231.83,233.83,0,0,95
1232073,11,50,2760,233.83,232.83,0,0,188
1472973,12,50,2760,231.83,231.83,0,0,270
1493610,13,50,2760,225.1,232.83,0,1,216
1434979,14,50,2760,197.91,232.83,0,1,458
1348654,15,50,2760,198.91,232.83,0,1,581
1468237,16,50,2760,196,232.83,0,1,446
1371167,17,50,2760,216.34,215.34,0,0,216
1011044,18,50,2760,231.83,231.83,0,0,122
1053180,19,50,2760,233.83,233.83,0,0,324
1467438,20,50,2760,232.83,233.83,0,0,257
1340461,21,50,2760,231.83,231.83,0,0,162
1054796,22,50,2760,233.83,233.83,0,0,162
1058961,23,50,2760,231.83,232.83,0,0,163
1169848,24,50,2760,227.04,226.04,0,0,231
1376368,25,50,2760,173.63,225.04,0,0,352
1305747,26,50,2760,175.63,227.04,0,0,607
1057022,27,50,2760,174.6,226.04,0,1,580
1050033,28,50,2760,228.01,228.01,0,0,134
1287554,29,50,2760,231.83,233.83,0,0,176
1125823,30,50,2760,231.83,232.83,0,0,204
1042032,31,50,2760,233.83,232.83,0,0,216
1194417,32,50,2760,233.83,231.83,0,0,108
1090930,33,50,2760,233.83,232.83,0,0,162
1355964,34,50,2760,231.83,233.83,0,0,68
1484388,35,50,2760,233.83,233.83,0,0,188
1260408,36,50,2760,231.83,233.83,0,0,215
1210175,37,50,2760,231.83,231.83,0,0,108
1350905,38,50,2760,204.7,233.83,0,0,297
1320444,39,50,2760,179.45,233.83,0,0,379
1097405,40,50,2760,178.54,233.83,0,1,513
1236408,41,50,2760,175.63,232.83,0,1,271
1471724,42,50,2760,177.57,232.83,0,1,365
1093983,43,50,2760,205.64,231.83,0,0,243
1241525,44,50,2760,232.83,232.83,0,0,229
1062383,45,50,2760,228.95,229.95,0,0,189
1445872,46,50,2760,175.63,227.95,0,0,311
1211280,47,50,2760,174.63,229.95,0,0,258
1133728,48,50,2760,173.63,227.95,0,0,325
1374039,49,50,2760,175.63,227.95,0,0,420
1479488,50,50,2760,175.63,229.95,0,0,458
1305622,51,50,2760,173.63,227.95,0,0,96
1399560,52,50,2760,173.63,174.63,0,0,202
1194010,53,50,2760,194.03,194.03,0,0,188
1304173,54,50,2760,196,195,0,0,215
1064025,55,50,2760,196.94,195,0,1,377
1397038,56,50,2760,196,195,0,1,216
1244384,57,50,2760,229.95,229.95,0,0,216
1285139,58,50,2760,242.53,241.53,0,0,95
1302470,59,50,2760,196,241.53,0,0,204
1090893,60,50,2760,194,242.53,0,0,350
1437988,61,50,2760,195,242.53,0,0,229
1386515,62,50,2760,196,241.53,0,0,108
1049021,63,50,2760,235.71,237.71,0,0,216
1118639,64,50,2760,242.53,241.53,0,0,123
1213340,65,50,2760,241.53,243.53,0,0,108
1432368,66,50,2760,194,243.53,0,0,312
1217808,67,50,2760,196,243.53,0,0,189
1082225,68,50,2760,196,242.53,0,0,258
1323976,69,50,2760,199.88,243.53,0,0,177
1303165,70,50,2760,242.53,243.53,0,0,94
1125261,71,50,2760,243.53,242.53,0,0,258
1024692,72,50,2760,242.53,243.53,0,0,162
1110483,73,50,2760,242.53,241.53,0,0,162
1335517,74,50,2760,241.53,241.53,0,0,136
1357639,75,50,2760,242.53,242.53,0,0,80
1121086,76,50,2760,233.77,235.77,0,0,256
1494429,77,50,2760,195,233.77,0,0,284
1029409,78,50,2760,198.88,235.77,0,0,163
1114959,79,50,2760,194,234.77,0,0,296
1446043,80,50,2760,196.94,233.77,0,0,298
1270893,81,50,2760,242.53,243.53,0,0,122
1374770,82,50,2760,243.53,241.53,0,0,256
1214658,83,50,2760,242.53,242.53,0,0,148
1050114,84,50,2760,214.43,241.53,0,0,217
1402086,85,50,2760,213.43,242.53,0,0,257
1005533,86,50,2760,243.53,241.53,0,0,162
1371931,87,50,2760,242.53,243.53,0,0,150
1040875,88,50,2760,241.53,241.53,0,0,134
1183023,89,50,2760,242.53,243.53,0,0,217
1315313,90,50,2760,241.53,241.53,0,0,284
1350845,91,50,2760,243.53,243.53,0,0,67
1206284,92,50,2760,241.53,243.53,0,0,42
1256643,93,50,2760,243.53,243.53,0,0,258
1126747,94,50,2760,242.53,243.53,0,0,188
1044246,95,50,2760,243.53,241.53,0,0,231
1450438,96,50,2760,242.53,241.53,0,0,285
1249837,97,50,2760,243.53,242.53,0,0,231
1253299,98,50,2760,242.53,241.53,0,0,163
1459720,99,50,2760,241.59,239.59,0,0,204
1162010,100,50,2760,231.83,233.83,0,0,161
1242507,101,50,2760,231.83,233.83,0,0,393
1344133,102,50,2760,232.83,231.83,0,0,458
1034626,103,50,2760,232.83,232.83,0,0,176
1071286,104,50,2760,234.8,232.8,0,0,176
1003169,105,50,2760,241.53,241.53,0,0,150
1414931,106,50,2760,242.53,242.53,0,0,136
1195193,107,50,2760,242.53,241.53,0,0,150
1391953,108,50,2760,241.53,242.53,0,0,163
1330244,109,50,2760,243.53,242.53,0,0,188
1277026,110,50,2760,243.53,243.53,0,0,107
1294671,111,50,2760,243.53,243.53,0,0,148
1084494,112,50,2760,241.53,243.53,0,0,94
1346455,113,50,2760,243.53,242.53,0,0,204
1075900,114,50,2760,241.53,242.53,0,0,122
1392910,115,50,2760,242.53,243.53,0,0,121
1151128,116,50,2760,242.53,242.53,0,0,121
1123855,117,50,2760,243.53,243.53,0,0,188
1175284,118,50,2760,242.53,243.53,0,0,135
1310560,119,50,2760,195.03,242.53,0,0,149
1343114,120,50,2760,195.03,241.53,0,0,149
1129257,121,50,2760,260.93,262.93,0,0,55
1438026,122,50,2760,261.93,260.93,0,0,150
1356945,123,50,2760,261.93,260.93,0,0,55
1107893,124,50,2760,260.93,262.93,0,0,202
1334509,125,50,2760,261.93,260.93,0,0,96
1240211,126,50,2760,261.93,262.93,0,0,95
1062366,127,50,2760,262.93,262.93,0,0,82
1241925,128,50,2760,194.03,261.93,0,0,163
1314181,129,50,2760,194.03,262.93,0,0,109
1137071,130,50,2760,193.03,261.93,0,0,204
1398904,131,50,2760,260.93,260.93,0,1,244
1322889,132,50,2760,262.93,262.93,0,1,176
1392360,133,50,2760,261.93,262.93,0,1,202
1378560,134,50,2760,260.93,262.93,0,0,94
1317906,135,50,2760,262.93,261.93,0,0,14
1245285,136,50,2760,261.93,261.93,0,0,134
1320161,137,50,2760,261.93,261.93,0,0,312
1320620,138,50,2760,262.93,261.93,0,0,148
1399539,139,50,2760,262.93,262.93,0,0,204
1273433,140,50,2760,262.93,260.93,0,0,122
1087392,141,50,2760,260.93,260.93,0,0,149
1284518,142,50,2760,261.93,260.93,0,0,134
1475623,143,50,2760,262.93,262.93,0,0,150
1175620,144,50,2760,188.24,260.93,0,0,296
1389756,145,50,2760,182.36,260.93,0,1,337
