files/50.csv
id,week,center_id,meal_id,checkout_price,base_price,emailer_for_promotion,homepage_featured,num_orders
1314267,19,50,2569,327.89,328.89,0,0,13
1188211,20,50,2569,327.89,327.89,0,0,458
1035366,21,50,2569,326.89,328.89,0,0,269
1107362,22,50,2569,326.89,327.89,0,0,338
1270048,23,50,2569,326.89,327.89,0,0,311
1182912,24,50,2569,328.89,327.89,0,0,378
1321623,25,50,2569,326.89,326.89,0,0,323
1149413,26,50,2569,328.89,326.89,0,0,337
1452093,27,50,2569,244.44,328.89,0,0,729
1154937,28,50,2569,328.89,326.89,0,0,472
1222274,29,50,2569,326.89,326.89,0,0,324
1316639,30,50,2569,328.89,328.89,0,0,499
1473233,31,50,2569,327.89,328.89,0,0,377
1388557,32,50,2569,327.89,327.89,0,0,393
1213687,33,50,2569,327.89,327.89,0,0,527
1464763,34,50,2569,326.89,328.89,0,0,431
1017587,35,50,2569,327.89,328.89,0,0,474
1163673,36,50,2569,327.89,328.89,0,0,526
1423894,37,50,2569,242.5,327.89,1,1,1538
1268304,38,50,2569,326.89,327.89,0,0,270
1291589,39,50,2569,326.89,328.89,0,0,324
1409923,40,50,2569,327.89,328.89,0,0,364
1091800,41,50,2569,328.89,327.89,0,0,285
1180573,42,50,2569,326.89,326.89,0,0,431
1428437,43,50,2569,328.89,328.89,0,0,433
1399085,44,50,2569,326.89,328.89,0,0,312
1353518,45,50,2569,326.89,328.89,0,0,338
1418142,46,50,2569,326.89,328.89,0,0,379
1288082,47,50,2569,327.89,328.89,0,0,404
1387385,48,50,2569,328.89,327.89,0,0,256
1458703,49,50,2569,327.89,328.89,0,0,364
1332304,50,50,2569,328.89,326.89,0,0,379
1303507,51,50,2569,328.89,328.89,0,0,324
1152072,52,50,2569,327.89,326.89,0,0,296
1152528,53,50,2569,328.89,326.89,0,0,257
1170671,54,50,2569,327.89,327.89,0,0,393
1446281,55,50,2569,326.89,326.89,0,0,283
1130440,56,50,2569,261.93,327.89,1,1,932
1262217,57,50,2569,263.87,328.89,1,1,959
1393061,58,50,2569,326.89,328.89,0,0,472
1289939,59,50,2569,328.89,328.89,0,0,339
1075866,60,50,2569,327.89,327.89,0,0,458
1010196,61,50,2569,326.89,326.89,0,0,419
1129253,62,50,2569,328.89,328.89,0,0,258
1190005,63,50,2569,327.89,326.89,0,0,447
1431129,64,50,2569,328.89,326.89,0,0,420
1044092,65,50,2569,326.89,327.89,0,0,310
1372018,66,50,2569,327.89,326.89,0,0,338
1253942,67,50,2569,326.89,326.89,0,0,500
1172208,68,50,2569,327.89,327.89,0,0,310
1372945,69,50,2569,327.89,327.89,0,0,431
1258232,70,50,2569,328.89,327.89,0,0,216
1036476,71,50,2569,328.89,326.89,0,0,365
1179699,72,50,2569,328.89,327.89,0,0,432
1343208,73,50,2569,326.89,327.89,0,0,298
1317535,74,50,2569,326.89,328.89,0,0,311
1095488,75,50,2569,328.89,328.89,0,0,107
1210836,76,50,2569,328.89,328.89,0,0,203
1075247,77,50,2569,328.89,326.89,0,0,231
1032805,78,50,2569,309.43,310.43,0,0,215
1217603,79,50,2569,310.43,309.43,0,0,136
1174610,80,50,2569,299.73,301.73,0,0,217
1052715,81,50,2569,310.43,310.43,0,0,379
1382576,82,50,2569,246.41,311.43,1,1,1000
1120380,83,50,2569,310.43,311.43,0,0,433
1181950,84,50,2569,309.43,311.43,0,0,377
1116444,85,50,2569,310.43,309.43,0,0,459
1361329,86,50,2569,310.43,310.43,0,0,406
1291308,87,50,2569,309.43,309.43,0,0,459
1067085,88,50,2569,309.43,309.43,0,0,229
1052857,89,50,2569,309.43,311.43,0,0,162
1494971,90,50,2569,309.43,309.43,0,0,269
1084145,91,50,2569,310.43,309.43,0,0,189
1443910,92,50,2569,310.43,311.43,0,0,325
1128555,93,50,2569,309.43,311.43,0,0,243
1059080,94,50,2569,311.43,310.43,0,0,109
1012396,95,50,2569,310.43,309.43,0,0,258
1462831,96,50,2569,310.43,309.43,0,0,190
1427247,97,50,2569,310.43,309.43,0,0,298
1214248,98,50,2569,310.43,311.43,0,0,256
1310788,99,50,2569,309.43,311.43,0,0,298
1026656,100,50,2569,311.43,309.43,0,0,366
1428827,101,50,2569,311.43,309.43,0,0,269
1048439,102,50,2569,311.43,310.43,0,0,175
1486018,103,50,2569,309.43,309.43,0,0,203
1051341,104,50,2569,311.43,311.43,0,0,391
1017907,105,50,2569,310.43,311.43,0,0,231
1098184,106,50,2569,311.43,309.43,0,0,256
1322013,107,50,2569,309.43,311.43,0,0,176
1457976,108,50,2569,311.43,311.43,0,0,256
1180585,109,50,2569,311.43,310.43,0,0,283
1205940,110,50,2569,310.43,310.43,0,0,190
1488719,111,50,2569,311.43,310.43,0,0,325
1160205,112,50,2569,310.43,311.43,0,0,337
1013392,113,50,2569,310.43,311.43,0,0,310
1267849,114,50,2569,310.43,311.43,0,0,339
1377726,115,50,2569,244.47,310.43,1,0,512
1462173,116,50,2569,242.53,309.43,0,0,418
1153992,117,50,2569,309.43,309.43,0,0,149
1432495,118,50,2569,289.12,288.12,0,0,283
1252659,119,50,2569,309.43,309.43,0,0,323
1159623,120,50,2569,311.43,310.43,0,0,244
1172200,121,50,2569,310.43,311.43,0,0,296
1479377,122,50,2569,311.43,309.43,0,0,324
1024007,123,50,2569,310.43,311.43,0,0,217
1082833,124,50,2569,309.43,311.43,0,0,377
1144572,125,50,2569,310.43,310.43,0,0,256
1280233,126,50,2569,331.8,330.8,0,0,283
1477960,127,50,2569,340.53,340.53,0,0,202
1055082,128,50,2569,338.53,338.53,0,0,190
1316681,129,50,2569,340.53,339.53,0,0,108
1073059,130,50,2569,338.53,339.53,0,0,107
1497137,131,50,2569,339.53,340.53,0,0,134
1298111,132,50,2569,338.53,338.53,0,0,190
1225828,133,50,2569,338.53,339.53,0,0,82
1175343,134,50,2569,320.1,320.1,0,0,123
1032430,135,50,2569,312.34,314.34,0,0,175
1371851,136,50,2569,302.64,304.64,0,0,258
1200244,137,50,2569,338.53,338.53,0,0,244
1416138,138,50,2569,321.07,322.07,0,0,258
1407168,139,50,2569,338.53,340.53,0,0,177
1124004,140,50,2569,293.97,339.53,0,0,136
1136247,141,50,2569,323.07,322.07,0,0,270
1086542,142,50,2569,323.07,322.07,0,0,243
1490484,143,50,2569,322.07,323.07,0,0,271
1353522,144,50,2569,244.5,323.07,1,0,580
1396172,145,50,2569,245.44,321.07,0,0,459
1284085,27,50,2490,244.5,243.5,0,0,40
1058067,28,50,2490,242.5,242.5,0,0,243
1387130,29,50,2490,243.5,242.5,0,0,258
1403028,30,50,2490,242.5,244.5,0,0,190
1265282,31,50,2490,196,243.5,1,1,594
1015660,32,50,2490,244.5,244.5,0,0,242
1183849,33,50,2490,242.5,244.5,0,0,188
1005947,34,50,2490,243.5,242.5,0,0,203
1096766,35,50,2490,244.5,243.5,0,0,271
1116484,36,50,2490,243.5,242.5,0,0,162
1228691,37,50,2490,242.5,244.5,0,0,149
1038879,38,50,2490,242.5,243.5,0,0,177
1352166,39,50,2490,231.86,232.86,0,0,270
1011645,40,50,2490,243.5,242.5,0,0,190
1330631,41,50,2490,242.5,242.5,0,0,230
1360165,42,50,2490,243.5,244.5,1,1,647
1332069,43,50,2490,243.5,243.5,0,0,123
1337920,44,50,2490,243.5,242.5,0,0,271
1281298,45,50,2490,243.5,242.5,0,0,243
1464155,46,50,2490,243.5,242.5,0,0,202
1045721,47,50,2490,244.5,242.5,0,0,337
1250980,48,50,2490,196.94,242.5,1,0,393
1161323,49,50,2490,194,243.5,1,0,122
1168806,50,50,2490,242.5,242.5,0,0,190
1373542,51,50,2490,242.5,243.5,0,0,202
1108120,52,50,2490,195.94,244.5,1,0,296
1404439,53,50,2490,196,242.5,0,0,256
1048230,54,50,2490,244.5,244.5,0,0,258
1288187,55,50,2490,243.5,243.5,0,0,297
1272861,56,50,2490,242.5,244.5,0,0,26
1322233,57,50,2490,244.5,242.5,0,0,67
1048496,58,50,2490,243.5,244.5,0,0,202
1228151,59,50,2490,243.5,242.5,0,0,161
1338769,60,50,2490,243.5,243.5,0,0,297
1472567,61,50,2490,244.5,244.5,0,0,175
1243666,62,50,2490,242.5,243.5,0,0,134
1304282,63,50,2490,243.5,244.5,0,0,188
1362875,64,50,2490,243.5,243.5,0,0,149
1219146,65,50,2490,170.78,242.5,1,1,566
1373013,66,50,2490,244.5,243.5,0,1,324
1303694,67,50,2490,243.5,242.5,0,1,391
1485376,68,50,2490,244.5,244.5,0,0,231
1237508,69,50,2490,244.5,244.5,0,0,136
1170701,70,50,2490,244.5,244.5,0,0,310
1280823,71,50,2490,243.5,242.5,0,0,243
1280226,72,50,2490,243.5,243.5,0,0,175
1385939,73,50,2490,243.5,242.5,0,0,391
1443483,74,50,2490,243.5,243.5,0,0,188
1435358,75,50,2490,243.5,244.5,0,0,257
1490780,76,50,2490,147.47,242.5,1,1,919
1237247,77,50,2490,146.5,244.5,1,1,1041
1039717,78,50,2490,146.5,242.5,0,0,594
1327257,79,50,2490,146.5,242.5,0,0,499
1032369,80,50,2490,243.5,243.5,0,0,135
1273391,81,50,2490,242.5,242.5,0,0,136
1283315,82,50,2490,242.5,244.5,0,0,109
1218946,83,50,2490,244.5,244.5,0,0,149
1251430,84,50,2490,243.5,244.5,0,0,162
1166569,85,50,2490,242.5,243.5,0,0,189
1126381,86,50,2490,244.5,243.5,0,0,269
1085616,87,50,2490,244.5,243.5,0,0,242
1007906,88,50,2490,242.5,242.5,0,0,229
1325734,89,50,2490,244.5,244.5,0,0,203
1286332,90,50,2490,193.06,243.5,1,0,567
1139071,91,50,2490,192.06,244.5,1,0,486
1241847,92,50,2490,241.59,240.59,0,0,243
1359322,93,50,2490,243.5,243.5,0,0,297
1419974,94,50,2490,196,243.5,1,1,728
1225587,95,50,2490,240.62,238.62,0,0,175
1128906,96,50,2490,244.5,244.5,0,0,188
1278274,97,50,2490,242.5,242.5,0,0,257
1175755,98,50,2490,243.5,244.5,0,0,135
1241710,99,50,2490,244.5,244.5,0,0,175
1125924,100,50,2490,242.5,244.5,0,0,230
1470786,101,50,2490,242.5,244.5,0,0,162
1337749,102,50,2490,242.5,242.5,0,0,95
1199658,103,50,2490,242.5,243.5,0,0,108
1478863,104,50,2490,243.5,244.5,0,0,325
1465341,105,50,2490,243.5,242.5,0,0,161
1076885,106,50,2490,243.5,244.5,0,0,217
1147749,107,50,2490,243.5,242.5,0,0,148
1242099,108,50,2490,244.5,242.5,0,0,134
1277330,109,50,2490,243.5,243.5,0,0,269
1498085,110,50,2490,244.5,243.5,0,0,95
1066251,111,50,2490,242.5,243.5,0,0,243
1022805,112,50,2490,250.26,250.26,0,0,175
1129915,113,50,2490,291.03,292.03,0,0,108
1107259,114,50,2490,291.03,291.03,0,0,109
1247981,115,50,2490,206.64,290.03,0,0,161
1148519,116,50,2490,291.03,290.03,0,0,53
1247344,117,50,2490,195,292.03,1,0,243
1084630,118,50,2490,198.88,292.03,1,0,312
1382438,119,50,2490,285.24,283.24,0,0,175
1199907,120,50,2490,290.03,291.03,0,0,94
1413700,121,50,2490,292.03,292.03,0,0,189
1248639,122,50,2490,292.03,292.03,0,0,149
1215087,123,50,2490,209.58,291.03,0,0,41
1025179,124,50,2490,290.03,290.03,0,0,135
1168404,125,50,2490,191.12,292.03,1,1,649
1000368,126,50,2490,291.03,291.03,0,0,150
1056657,127,50,2490,290.03,291.03,0,0,177
1088008,128,50,2490,292.03,292.03,0,0,68
1451974,129,50,2490,260.02,291.03,0,0,123
1212381,130,50,2490,292.03,292.03,0,0,95
1464604,131,50,2490,290.03,291.03,0,0,216
1023548,132,50,2490,291.03,292.03,0,0,148
1222419,133,50,2490,290.03,291.03,0,0,123
1165088,134,50,2490,291.03,292.03,0,0,121
1274585,135,50,2490,290.03,290.03,0,0,136
1451953,136,50,2490,291.03,290.03,0,0,150
1464685,137,50,2490,292.03,290.03,0,0,148
1392141,138,50,2490,291.03,292.03,0,0,135
1484074,139,50,2490,291.03,292.03,0,0,217
1449228,140,50,2490,244.5,290.03,1,1,324
1337538,141,50,2490,284.27,283.27,0,0,123
1324276,142,50,2490,290.03,290.03,0,0,94
1234149,143,50,2490,292.03,292.03,0,0,163
1078512,144,50,2490,248.32,290.03,0,0,94
1472148,145,50,2490,292.03,291.03,0,0,82
1364282,61,50,2104,631.53,629.53,0,0,13
1358923,63,50,2104,631.53,629.53,0,0,26
1327713,64,50,2104,631.53,631.53,0,0,15
1087712,65,50,2104,631.53,630.53,0,0,27
1168613,66,50,2104,629.53,629.53,0,0,41
1353517,67,50,2104,629.53,630.53,0,0,14
1046525,68,50,2104,631.53,631.53,0,0,15
1168198,69,50,2104,629.53,629.53,0,0,15
1089113,70,50,2104,631.53,630.53,0,0,28
1071697,71,50,2104,630.53,631.53,0,0,40
1045637,72,50,2104,631.53,631.53,0,0,40
1219817,73,50,2104,631.53,630.53,0,0,28
1077510,74,50,2104,630.53,630.53,0,0,55
1473108,75,50,2104,630.53,631.53,0,0,54
1194846,76,50,2104,630.53,629.53,0,0,15
1148411,77,50,2104,631.53,629.53,0,0,41
1289733,78,50,2104,629.53,629.53,0,0,15
1236241,79,50,2104,581.03,582.03,0,0,67
1043392,80,50,2104,583.03,581.03,0,0,27
1462658,81,50,2104,583.03,582.03,0,0,53
1029703,82,50,2104,583.03,581.03,0,0,41
1230156,83,50,2104,581.03,583.03,0,0,55
1412164,84,50,2104,582.03,583.03,0,0,150
1121793,85,50,2104,583.03,583.03,0,0,55
1464149,87,50,2104,583.03,581.03,0,0,42
1045484,88,50,2104,582.03,583.03,0,0,41
1165078,89,50,2104,583.03,582.03,0,0,41
1079176,90,50,2104,581.03,583.03,0,0,28
1449287,91,50,2104,583.03,581.03,0,0,55
1491552,92,50,2104,581.03,581.03,0,0,67
1181394,93,50,2104,583.03,583.03,0,0,82
1256582,94,50,2104,582.03,581.03,0,0,53
1106370,95,50,2104,583.03,583.03,0,0,67
1395645,96,50,2104,583.03,582.03,0,0,40
1210804,97,50,2104,582.03,582.03,0,0,80
1195573,98,50,2104,582.03,581.03,0,0,80
1465691,100,50,2104,486.03,581.03,0,0,68
1422455,101,50,2104,485.03,581.03,0,0,42
1214315,102,50,2104,583.03,583.03,0,0,53
1031449,103,50,2104,581.03,581.03,0,0,42
1443709,104,50,2104,581.03,581.03,0,0,14
1445574,105,50,2104,583.03,581.03,0,0,81
1114087,106,50,2104,582.03,581.03,0,0,80
1085007,107,50,2104,583.03,583.03,0,0,55
1415312,108,50,2104,583.03,582.03,0,0,53
1259530,109,50,2104,583.03,582.03,0,0,136
1141782,110,50,2104,581.03,581.03,0,0,54
1463627,111,50,2104,582.03,582.03,0,0,55
1428876,112,50,2104,582.03,583.03,0,0,95
1065520,113,50,2104,582.03,583.03,0,0,41
1290236,114,50,2104,582.03,581.03,0,0,26
1027786,115,50,2104,581.03,583.03,0,0,94
1242964,116,50,2104,583.03,581.03,0,0,53
1224836,117,50,2104,591.73,592.73,0,0,67
1034163,118,50,2104,581.03,583.03,0,0,55
1327137,122,50,2104,583.03,582.03,0,0,69
1212655,123,50,2104,582.03,581.03,0,0,27
1342699,124,50,2104,583.03,582.03,0,0,55
1191619,125,50,2104,599.52,599.52,0,0,42
1348021,127,50,2104,630.53,629.53,0,0,68
1015825,128,50,2104,631.53,631.53,0,0,96
1177601,129,50,2104,436.53,631.53,0,1,135
1344573,130,50,2104,436.53,631.53,0,1,229
1102959,131,50,2104,436.53,630.53,0,1,393
1123883,132,50,2104,436.53,629.53,0,1,229
1019060,133,50,2104,601.43,629.53,0,1,149
1217986,134,50,2104,601.43,630.53,0,1,107
1125925,135,50,2104,600.43,629.53,0,1,121
1110331,136,50,2104,621.83,630.53,0,1,40
1350371,138,50,2104,630.53,630.53,0,0,54
1442293,139,50,2104,486.03,630.53,0,0,216
1265280,140,50,2104,485.03,630.53,0,0,68
1405260,141,50,2104,582.03,581.03,0,0,28
1146487,142,50,2104,582.03,581.03,0,0,55
1207007,143,50,2104,582.03,583.03,0,0,53
1297774,144,50,2104,581.03,582.03,0,0,95
1222136,145,50,2104,583.03,581.03,0,0,13
1241632,63,50,1571,629.53,630.53,0,0,13
1051415,64,50,1571,630.53,629.53,0,0,15
1373802,65,50,1571,631.53,631.53,0,0,27
1463283,66,50,1571,631.53,630.53,0,0,13
1032280,67,50,1571,630.53,630.53,0,0,15
1182311,68,50,1571,630.53,631.53,0,0,27
1183916,69,50,1571,630.53,629.53,0,0,41
1079098,70,50,1571,631.53,629.53,0,0,69
1104021,71,50,1571,629.53,631.53,0,0,42
1264571,72,50,1571,630.53,630.53,0,0,15
1448766,73,50,1571,630.53,631.53,0,0,28
1001684,74,50,1571,631.53,630.53,0,0,68
1341925,75,50,1571,629.53,629.53,0,0,14
1249225,76,50,1571,630.53,630.53,0,0,69
1058289,77,50,1571,631.53,629.53,0,0,108
1021471,78,50,1571,618.89,619.89,0,0,54
1416771,79,50,1571,582.03,582.03,0,0,82
1239919,81,50,1571,581.03,583.03,0,0,68
1063141,82,50,1571,583.03,581.03,0,0,15
1310440,83,50,1571,582.03,583.03,0,0,41
1147712,84,50,1571,582.03,583.03,0,0,149
1350018,85,50,1571,582.03,581.03,0,0,94
1155536,86,50,1571,582.03,581.03,0,0,54
1446223,87,50,1571,581.03,582.03,0,0,53
1330258,88,50,1571,589.79,589.79,0,0,80
1113073,89,50,1571,583.03,582.03,0,0,42
1299536,90,50,1571,581.03,582.03,0,0,28
1064279,91,50,1571,583.03,581.03,0,0,55
1375991,92,50,1571,582.03,583.03,0,0,41
1339931,93,50,1571,583.03,581.03,0,0,82
1444863,94,50,1571,583.03,583.03,0,0,28
1339987,95,50,1571,581.03,582.03,0,0,27
1374257,96,50,1571,599.52,599.52,0,0,122
1248225,97,50,1571,582.03,581.03,0,0,81
1497612,98,50,1571,583.03,583.03,0,0,82
1014948,99,50,1571,582.03,583.03,0,0,15
1060415,100,50,1571,485.03,582.03,0,0,134
1391044,101,50,1571,486.03,581.03,0,0,215
1453222,102,50,1571,581.03,581.03,0,0,82
1119618,103,50,1571,582.03,583.03,0,0,41
1178508,104,50,1571,583.03,582.03,0,0,68
1298437,105,50,1571,581.03,582.03,0,0,68
1345952,106,50,1571,581.03,581.03,0,0,94
1389555,108,50,1571,583.03,582.03,0,0,40
1065719,109,50,1571,582.03,581.03,0,0,135
1400134,110,50,1571,581.03,582.03,0,0,42
1060366,111,50,1571,583.03,582.03,0,0,122
1199917,112,50,1571,582.03,582.03,0,0,109
1448379,113,50,1571,581.03,582.03,0,0,67
1210808,114,50,1571,583.03,582.03,0,0,121
1320262,115,50,1571,581.03,581.03,0,0,81
1216728,116,50,1571,581.03,581.03,0,0,107
1235312,117,50,1571,582.03,581.03,0,0,80
1363335,118,50,1571,582.03,581.03,0,0,135
1074298,119,50,1571,583.03,583.03,0,0,55
1252151,120,50,1571,581.03,582.03,0,0,81
1486342,121,50,1571,582.03,582.03,0,0,109
1298581,122,50,1571,581.03,581.03,0,0,54
1064035,123,50,1571,581.03,583.03,0,0,67
1382905,124,50,1571,583.03,583.03,0,0,122
1277981,125,50,1571,590.73,590.73,0,0,136
1411567,126,50,1571,630.53,631.53,0,0,54
1057426,127,50,1571,631.53,629.53,0,0,108
1328555,128,50,1571,629.53,629.53,0,0,108
1282248,129,50,1571,435.53,631.53,0,1,175
1282866,130,50,1571,437.53,631.53,0,1,216
1162241,131,50,1571,437.53,630.53,0,1,310
1192713,132,50,1571,435.53,629.53,0,1,284
1124218,133,50,1571,601.43,630.53,0,1,108
1448855,134,50,1571,602.43,602.43,0,0,94
1465875,135,50,1571,600.43,600.43,0,0,81
1233301,136,50,1571,602.43,600.43,0,0,28
1391591,137,50,1571,630.53,630.53,0,0,28
1018749,138,50,1571,630.53,630.53,0,0,41
1311986,139,50,1571,486.03,631.53,0,0,242
1266791,140,50,1571,484.03,631.53,0,0,96
1456674,141,50,1571,583.03,582.03,0,0,82
1468579,142,50,1571,581.03,581.03,0,0,80
1483459,143,50,1571,583.03,583.03,0,0,150
1148973,144,50,1571,581.03,581.03,0,0,13
1256928,145,50,1571,583.03,582.03,0,0,107
